<div id="metrics">
  <h1>Temperature statistics for 0001-01-01 00:00:00 &#43;0000 UTC at :</h1>
  <ul>
    <p>Temperature is 0 degrees Celsius.</p>
    <p>Pressure is 0 hPa.</p>
    <p>Humidity is 0%.</p>
  </ul>
  <button
    id="get-metrics-button"
    hx-get="/welcome"
    hx-trigger="click"
    hx-target="#metrics"
    hx-swap="outerHTML"
  >
    <span>Back to main page</span>
    <img class="htmx-indicator" src="static/tail-spin.svg">
  </button>
</div>
