<div id="metrics">
  <h1>Temperature statistics for 2024-01-04 16:27:40 &#43;0000 UTC at 1:</h1>
  <ul>
    <p>Temperature is 20 degrees Celsius.</p>
    <p>Pressure is 1000 hPa.</p>
    <p>Humidity is 0.6%.</p>
  </ul>
  <button
    id="get-metrics-button"
    hx-get="/welcome"
    hx-trigger="click"
    hx-target="#metrics"
    hx-swap="outerHTML"
  >
    <span>Back to main page</span>
    <img class="htmx-indicator" src="static/tail-spin.svg">
  </button>
</div>
