
<!DOCTYPE html>
<html lang="en">
<head>
    <title>The temperature dashboard</title>
    <meta charset="UTF-8"/>
    <meta name="description" content="The temperature dashboard" lang="en"/>
    <meta name="viewport" content="width=device-width, initial-scale=1.0">
</head>
<body>
<main>

<h1>Welcome to the Temperature dashboard!</h1>
<p>Go to /metrics to see the latest metrics.</p>

</main>
<footer>
    <ul>
        <li><a href="https://github.com/ivanov-slk/tma-dashboard">GitHub</a></li>
    </ul>
</footer>
</body>
</html>

