
<!DOCTYPE html>
<html lang="en">
  <head>
    <title>The temperature dashboard</title>
    <meta charset="UTF-8" />
    <meta name="description" content="The temperature dashboard" lang="en" />
    <meta name="viewport" content="width=device-width, initial-scale=1.0" />
    <script type="text/javascript" src="static/htmx.js"></script>
    <link rel="stylesheet" href="static/all.css" />
  </head>
<body>
<main>

<div
  id="metrics"
  hx-get="/welcome"
  hx-trigger="load"
  hx-target="#metrics"
  hx-swap="outerHTML"
>
</div>

</main>
<footer>
    <div>
        <ul>
            <li><a href="https://github.com/ivanov-slk/tma-dashboard">GitHub</a></li>
        </ul>
    </div>
</footer>
</body>
</html>

